// Jest Snapshot v1, https://goo.gl/fbAQLP

exports[`WordSelectionPicker container should map state to props 1`] = `
Array [
  Object {
    "onPress": [Function],
    "progress": 0,
    "title": "IELTS Listening",
  },
  Object {
    "onPress": [Function],
    "progress": 0,
    "title": "IELTS Speeking",
  },
]
`;
